Copyright 1986-2018 Xilinx, Inc. All Rights Reserved.
------------------------------------------------------------------------------------------------------------------
| Tool Version : Vivado v.2018.3 (win64) Build 2405991 Thu Dec  6 23:38:27 MST 2018
| Date         : Fri Feb 15 12:55:52 2019
| Host         : DESKTOP-IRNLGB8 running 64-bit major release  (build 9200)
| Command      : report_drc -file m16x4Mux_drc_routed.rpt -pb m16x4Mux_drc_routed.pb -rpx m16x4Mux_drc_routed.rpx
| Design       : m16x4Mux
| Device       : xc7a100tcsg324-1
| Speed File   : -1
| Design State : Fully Routed
------------------------------------------------------------------------------------------------------------------

Report DRC

Table of Contents
-----------------
1. REPORT SUMMARY
2. REPORT DETAILS

1. REPORT SUMMARY
-----------------
            Netlist: netlist
          Floorplan: design_1
      Design limits: <entire design considered>
           Ruledeck: default
             Max violations: <unlimited>
             Violations found: 3
+----------+----------+-------------------+------------+
| Rule     | Severity | Description       | Violations |
+----------+----------+-------------------+------------+
| PDRC-153 | Warning  | Gated clock check | 3          |
+----------+----------+-------------------+------------+

2. REPORT DETAILS
-----------------
PDRC-153#1 Warning
Gated clock check  
Net LED_reg[15]_i_2_n_0 is a gated clock net sourced by a combinational pin LED_reg[15]_i_2/O, cell LED_reg[15]_i_2. This is not good design practice and will likely impact performance. For SLICE registers, for example, use the CE pin to control the loading of data.
Related violations: <none>

PDRC-153#2 Warning
Gated clock check  
Net muxInput_reg[15]_i_1_n_0 is a gated clock net sourced by a combinational pin muxInput_reg[15]_i_1/O, cell muxInput_reg[15]_i_1. This is not good design practice and will likely impact performance. For SLICE registers, for example, use the CE pin to control the loading of data.
Related violations: <none>

PDRC-153#3 Warning
Gated clock check  
Net muxInput_reg[7]_i_1_n_0 is a gated clock net sourced by a combinational pin muxInput_reg[7]_i_1/O, cell muxInput_reg[7]_i_1. This is not good design practice and will likely impact performance. For SLICE registers, for example, use the CE pin to control the loading of data.
Related violations: <none>


