#-----------------------------------------------------------
# Vivado v2018.3 (64-bit)
# SW Build 2405991 on Thu Dec  6 23:38:27 MST 2018
# IP Build 2404404 on Fri Dec  7 01:43:56 MST 2018
# Start of session at: Mon Feb  4 16:41:00 2019
# Process ID: 63660
# Current directory: D:/ENES246-master/ENES246-master/-2VoltageControlledBuffer/project_1
# Command line: vivado.exe -gui_launcher_event rodinguilauncherevent14372 D:\ENES246-master\ENES246-master\-2VoltageControlledBuffer\project_1\project_1.xpr
# Log file: D:/ENES246-master/ENES246-master/-2VoltageControlledBuffer/project_1/vivado.log
# Journal file: D:/ENES246-master/ENES246-master/-2VoltageControlledBuffer/project_1\vivado.jou
#-----------------------------------------------------------
start_gui
open_project D:/ENES246-master/ENES246-master/-2VoltageControlledBuffer/project_1/project_1.xpr
update_compile_order -fileset sources_1
synth_design -rtl -name rtl_1
reset_run synth_1
launch_runs synth_1 -jobs 4
wait_on_run synth_1
launch_runs impl_1 -jobs 4
wait_on_run impl_1
reset_run impl_1 -prev_step 
