#-----------------------------------------------------------
# Vivado v2018.3 (64-bit)
# SW Build 2405991 on Thu Dec  6 23:38:27 MST 2018
# IP Build 2404404 on Fri Dec  7 01:43:56 MST 2018
# Start of session at: Fri Mar  1 04:56:52 2019
# Process ID: 8236
# Current directory: C:/Users/FoersterGame/Documents/GitHub/ENES246/10Latches/2_EveryOtherClocked
# Command line: vivado.exe -gui_launcher_event rodinguilauncherevent8796 C:\Users\FoersterGame\Documents\GitHub\ENES246\10Latches\2_EveryOtherClocked\EveryOther.xpr
# Log file: C:/Users/FoersterGame/Documents/GitHub/ENES246/10Latches/2_EveryOtherClocked/vivado.log
# Journal file: C:/Users/FoersterGame/Documents/GitHub/ENES246/10Latches/2_EveryOtherClocked\vivado.jou
#-----------------------------------------------------------
start_gui
open_project C:/Users/FoersterGame/Documents/GitHub/ENES246/10Latches/2_EveryOtherClocked/EveryOther.xpr
update_compile_order -fileset sources_1
reset_run synth_1
launch_runs impl_1 -to_step write_bitstream -jobs 4
wait_on_run impl_1
open_hw
connect_hw_server
open_hw_target
set_property PROGRAM.FILE {C:/Users/FoersterGame/Documents/GitHub/ENES246/10Latches/2_EveryOtherClocked/EveryOther.runs/impl_1/EveryOther.bit} [get_hw_devices xc7a100t_0]
current_hw_device [get_hw_devices xc7a100t_0]
refresh_hw_device -update_hw_probes false [lindex [get_hw_devices xc7a100t_0] 0]
set_property PROBES.FILE {} [get_hw_devices xc7a100t_0]
set_property FULL_PROBES.FILE {} [get_hw_devices xc7a100t_0]
set_property PROGRAM.FILE {C:/Users/FoersterGame/Documents/GitHub/ENES246/10Latches/2_EveryOtherClocked/EveryOther.runs/impl_1/EveryOther.bit} [get_hw_devices xc7a100t_0]
program_hw_devices [get_hw_devices xc7a100t_0]
refresh_hw_device [lindex [get_hw_devices xc7a100t_0] 0]
close_hw
reset_run synth_1
launch_runs impl_1 -to_step write_bitstream -jobs 4
wait_on_run impl_1
open_hw
connect_hw_server
open_hw_target
set_property PROGRAM.FILE {C:/Users/FoersterGame/Documents/GitHub/ENES246/10Latches/2_EveryOtherClocked/EveryOther.runs/impl_1/EveryOther.bit} [get_hw_devices xc7a100t_0]
current_hw_device [get_hw_devices xc7a100t_0]
refresh_hw_device -update_hw_probes false [lindex [get_hw_devices xc7a100t_0] 0]
set_property PROBES.FILE {} [get_hw_devices xc7a100t_0]
set_property FULL_PROBES.FILE {} [get_hw_devices xc7a100t_0]
set_property PROGRAM.FILE {C:/Users/FoersterGame/Documents/GitHub/ENES246/10Latches/2_EveryOtherClocked/EveryOther.runs/impl_1/EveryOther.bit} [get_hw_devices xc7a100t_0]
program_hw_devices [get_hw_devices xc7a100t_0]
refresh_hw_device [lindex [get_hw_devices xc7a100t_0] 0]
reset_run synth_1
launch_runs impl_1 -to_step write_bitstream -jobs 4
wait_on_run impl_1
set_property PROBES.FILE {} [get_hw_devices xc7a100t_0]
set_property FULL_PROBES.FILE {} [get_hw_devices xc7a100t_0]
set_property PROGRAM.FILE {C:/Users/FoersterGame/Documents/GitHub/ENES246/10Latches/2_EveryOtherClocked/EveryOther.runs/impl_1/EveryOther.bit} [get_hw_devices xc7a100t_0]
program_hw_devices [get_hw_devices xc7a100t_0]
refresh_hw_device [lindex [get_hw_devices xc7a100t_0] 0]
close_project
create_project ComboLockASN C:/Users/FoersterGame/Documents/GitHub/ENES246/10Latches/4_ComboLockASN -part xc7a100tcsg324-1
set_property board_part digilentinc.com:nexys4_ddr:part0:1.1 [current_project]
file mkdir C:/Users/FoersterGame/Documents/GitHub/ENES246/10Latches/4_ComboLockASN/ComboLockASN.srcs/sources_1/new
set_property simulator_language Verilog [current_project]
close [ open C:/Users/FoersterGame/Documents/GitHub/ENES246/10Latches/4_ComboLockASN/ComboLockASN.srcs/sources_1/new/ComboLockASN.sv w ]
add_files C:/Users/FoersterGame/Documents/GitHub/ENES246/10Latches/4_ComboLockASN/ComboLockASN.srcs/sources_1/new/ComboLockASN.sv
import_files -fileset constrs_1 -force -norecurse C:/Users/FoersterGame/Documents/GitHub/ENES246/10Latches/4_ComboLockASN/Nexys4DDR_Master.xdc
update_compile_order -fileset sources_1
close_project
create_project 4wideMux C:/Users/FoersterGame/Documents/GitHub/ENES246/10Latches/4_ComboLockASN -part xc7a100tcsg324-1
set_property board_part digilentinc.com:nexys4_ddr:part0:1.1 [current_project]
file mkdir C:/Users/FoersterGame/Documents/GitHub/ENES246/10Latches/4_ComboLockASN/4wideMux.srcs/sources_1/new
set_property simulator_language Verilog [current_project]
close [ open C:/Users/FoersterGame/Documents/GitHub/ENES246/10Latches/4_ComboLockASN/4wideMux.srcs/sources_1/new/FourWideMux.sv w ]
add_files C:/Users/FoersterGame/Documents/GitHub/ENES246/10Latches/4_ComboLockASN/4wideMux.srcs/sources_1/new/FourWideMux.sv
import_files -fileset constrs_1 -force -norecurse C:/Users/FoersterGame/Documents/GitHub/ENES246/10Latches/4_ComboLockASN/Nexys4DDR_Master.xdc
update_compile_order -fileset sources_1
synth_design -rtl -name rtl_1
launch_runs impl_1 -to_step write_bitstream -jobs 4
wait_on_run impl_1
reset_run synth_1
refresh_design
refresh_design
refresh_design
refresh_design
refresh_design
refresh_design
refresh_design
launch_runs impl_1 -to_step write_bitstream -jobs 4
wait_on_run impl_1
open_hw
connect_hw_server
open_hw_target
set_property PROGRAM.FILE {C:/Users/FoersterGame/Documents/GitHub/ENES246/10Latches/4_ComboLockASN/4wideMux.runs/impl_1/FourWideMux.bit} [get_hw_devices xc7a100t_0]
current_hw_device [get_hw_devices xc7a100t_0]
refresh_hw_device -update_hw_probes false [lindex [get_hw_devices xc7a100t_0] 0]
set_property PROBES.FILE {} [get_hw_devices xc7a100t_0]
set_property FULL_PROBES.FILE {} [get_hw_devices xc7a100t_0]
set_property PROGRAM.FILE {C:/Users/FoersterGame/Documents/GitHub/ENES246/10Latches/4_ComboLockASN/4wideMux.runs/impl_1/FourWideMux.bit} [get_hw_devices xc7a100t_0]
program_hw_devices [get_hw_devices xc7a100t_0]
refresh_hw_device [lindex [get_hw_devices xc7a100t_0] 0]
reset_run impl_1 -prev_step 
launch_runs impl_1 -to_step write_bitstream -jobs 4
wait_on_run impl_1
refresh_design
refresh_design
set_property PROBES.FILE {} [get_hw_devices xc7a100t_0]
set_property FULL_PROBES.FILE {} [get_hw_devices xc7a100t_0]
set_property PROGRAM.FILE {C:/Users/FoersterGame/Documents/GitHub/ENES246/10Latches/4_ComboLockASN/4wideMux.runs/impl_1/FourWideMux.bit} [get_hw_devices xc7a100t_0]
program_hw_devices [get_hw_devices xc7a100t_0]
refresh_hw_device [lindex [get_hw_devices xc7a100t_0] 0]
reset_run synth_1
launch_runs impl_1 -to_step write_bitstream -jobs 4
wait_on_run impl_1
refresh_design
reset_run impl_1 -prev_step 
reset_run synth_1
launch_runs impl_1 -to_step write_bitstream -jobs 4
wait_on_run impl_1
set_property PROBES.FILE {} [get_hw_devices xc7a100t_0]
set_property FULL_PROBES.FILE {} [get_hw_devices xc7a100t_0]
set_property PROGRAM.FILE {C:/Users/FoersterGame/Documents/GitHub/ENES246/10Latches/4_ComboLockASN/4wideMux.runs/impl_1/FourWideMux.bit} [get_hw_devices xc7a100t_0]
program_hw_devices [get_hw_devices xc7a100t_0]
refresh_hw_device [lindex [get_hw_devices xc7a100t_0] 0]
refresh_design
refresh_design
refresh_design
reset_run synth_1
launch_runs impl_1 -to_step write_bitstream -jobs 4
wait_on_run impl_1
reset_run synth_1
launch_runs impl_1 -to_step write_bitstream -jobs 4
wait_on_run impl_1
refresh_design
reset_run synth_1
launch_runs impl_1 -to_step write_bitstream -jobs 4
wait_on_run impl_1
refresh_design
reset_run synth_1
launch_runs impl_1 -to_step write_bitstream -jobs 4
wait_on_run impl_1
refresh_design
refresh_design
reset_run synth_1
launch_runs impl_1 -to_step write_bitstream -jobs 4
wait_on_run impl_1
refresh_design
reset_run synth_1
launch_runs impl_1 -to_step write_bitstream -jobs 4
wait_on_run impl_1
set_property PROBES.FILE {} [get_hw_devices xc7a100t_0]
set_property FULL_PROBES.FILE {} [get_hw_devices xc7a100t_0]
set_property PROGRAM.FILE {C:/Users/FoersterGame/Documents/GitHub/ENES246/10Latches/4_ComboLockASN/4wideMux.runs/impl_1/FourWideMux.bit} [get_hw_devices xc7a100t_0]
program_hw_devices [get_hw_devices xc7a100t_0]
refresh_hw_device [lindex [get_hw_devices xc7a100t_0] 0]
refresh_design
set_property PROBES.FILE {} [get_hw_devices xc7a100t_0]
set_property FULL_PROBES.FILE {} [get_hw_devices xc7a100t_0]
set_property PROGRAM.FILE {C:/Users/FoersterGame/Documents/GitHub/ENES246/10Latches/4_ComboLockASN/4wideMux.runs/impl_1/FourWideMux.bit} [get_hw_devices xc7a100t_0]
program_hw_devices [get_hw_devices xc7a100t_0]
refresh_hw_device [lindex [get_hw_devices xc7a100t_0] 0]
open_run impl_1
reset_run synth_1
launch_runs synth_1 -jobs 4
wait_on_run synth_1
launch_runs impl_1 -jobs 4
wait_on_run impl_1
launch_runs impl_1 -to_step write_bitstream -jobs 4
wait_on_run impl_1
close_design
refresh_design
refresh_design
reset_run synth_1
launch_runs impl_1 -to_step write_bitstream -jobs 4
wait_on_run impl_1
set_property PROBES.FILE {} [get_hw_devices xc7a100t_0]
set_property FULL_PROBES.FILE {} [get_hw_devices xc7a100t_0]
set_property PROGRAM.FILE {C:/Users/FoersterGame/Documents/GitHub/ENES246/10Latches/4_ComboLockASN/4wideMux.runs/impl_1/FourWideMux.bit} [get_hw_devices xc7a100t_0]
program_hw_devices [get_hw_devices xc7a100t_0]
refresh_hw_device [lindex [get_hw_devices xc7a100t_0] 0]
open_run impl_1
